// Jest Snapshot v1, https://goo.gl/fbAQLP

exports[`MOVIE CONTAINER should match the MovieContainer Component Snapshot 1`] = `
<div
  className="grid-2"
/>
`;
